2025-11-17 10:43:06.744 [main] INFO  com.example.myspringboot.MySpringBootApplication - Starting MySpringBootApplication v0.0.1-SNAPSHOT using Java 1.8.0_331 on WIN-CS75U3R71FV with PID 4860 (C:\Users\Administrator\Documents\trae_projects\buying3\target\myspringboot-0.0.1-SNAPSHOT.jar started by Administrator in C:\Users\Administrator\Documents\trae_projects\buying3)
2025-11-17 10:43:06.753 [main] DEBUG com.example.myspringboot.MySpringBootApplication - Running with Spring Boot v2.7.18, Spring v5.3.31
2025-11-17 10:43:06.756 [main] INFO  com.example.myspringboot.MySpringBootApplication - No active profile set, falling back to 1 default profile: "default"
2025-11-17 10:43:11.722 [main] INFO  o.s.boot.web.embedded.tomcat.TomcatWebServer - Tomcat initialized with port(s): 8080 (http)
2025-11-17 10:43:11.769 [main] INFO  org.apache.catalina.core.StandardService - Starting service [Tomcat]
2025-11-17 10:43:11.770 [main] INFO  org.apache.catalina.core.StandardEngine - Starting Servlet engine: [Apache Tomcat/9.0.83]
2025-11-17 10:43:12.300 [main] INFO  o.a.c.core.ContainerBase.[Tomcat].[localhost].[/] - Initializing Spring embedded WebApplicationContext
2025-11-17 10:43:12.301 [main] INFO  o.s.b.w.s.c.ServletWebServerApplicationContext - Root WebApplicationContext: initialization completed in 5325 ms
2025-11-17 10:43:12.541 [main] WARN  o.s.b.w.s.c.AnnotationConfigServletWebServerApplicationContext - Exception encountered during context initialization - cancelling refresh attempt: org.springframework.beans.factory.UnsatisfiedDependencyException: Error creating bean with name 'adminController': Unsatisfied dependency expressed through field 'adminService'; nested exception is org.springframework.beans.factory.UnsatisfiedDependencyException: Error creating bean with name 'adminServiceImpl': Unsatisfied dependency expressed through field 'storageService'; nested exception is org.springframework.beans.factory.NoUniqueBeanDefinitionException: No qualifying bean of type 'com.example.myspringboot.service.StorageService' available: expected single matching bean but found 3: databaseStorageService,databaseStorageServiceImpl,inMemoryStorageService
2025-11-17 10:43:12.553 [main] INFO  org.apache.catalina.core.StandardService - Stopping service [Tomcat]
2025-11-17 10:43:12.580 [main] INFO  o.s.b.a.l.ConditionEvaluationReportLoggingListener - 

Error starting ApplicationContext. To display the conditions report re-run your application with 'debug' enabled.
2025-11-17 10:43:12.657 [main] ERROR o.s.b.diagnostics.LoggingFailureAnalysisReporter - 

***************************
APPLICATION FAILED TO START
***************************

Description:

Field storageService in com.example.myspringboot.service.impl.AdminServiceImpl required a single bean, but 3 were found:
	- databaseStorageService: defined in URL [jar:file:/C:/Users/Administrator/Documents/trae_projects/buying3/target/myspringboot-0.0.1-SNAPSHOT.jar!/BOOT-INF/classes!/com/example/myspringboot/service/DatabaseStorageService.class]
	- databaseStorageServiceImpl: defined in URL [jar:file:/C:/Users/Administrator/Documents/trae_projects/buying3/target/myspringboot-0.0.1-SNAPSHOT.jar!/BOOT-INF/classes!/com/example/myspringboot/service/impl/DatabaseStorageServiceImpl.class]
	- inMemoryStorageService: defined in URL [jar:file:/C:/Users/Administrator/Documents/trae_projects/buying3/target/myspringboot-0.0.1-SNAPSHOT.jar!/BOOT-INF/classes!/com/example/myspringboot/service/impl/InMemoryStorageService.class]


Action:

Consider marking one of the beans as @Primary, updating the consumer to accept multiple beans, or using @Qualifier to identify the bean that should be consumed

2025-11-17 10:43:57.771 [main] INFO  com.example.myspringboot.MySpringBootApplication - Starting MySpringBootApplication v0.0.1-SNAPSHOT using Java 1.8.0_331 on WIN-CS75U3R71FV with PID 36576 (C:\Users\Administrator\Documents\trae_projects\buying3\target\myspringboot-0.0.1-SNAPSHOT.jar started by Administrator in C:\Users\Administrator\Documents\trae_projects\buying3)
2025-11-17 10:43:57.774 [main] DEBUG com.example.myspringboot.MySpringBootApplication - Running with Spring Boot v2.7.18, Spring v5.3.31
2025-11-17 10:43:57.775 [main] INFO  com.example.myspringboot.MySpringBootApplication - No active profile set, falling back to 1 default profile: "default"
2025-11-17 10:43:59.735 [main] INFO  o.s.boot.web.embedded.tomcat.TomcatWebServer - Tomcat initialized with port(s): 8080 (http)
2025-11-17 10:43:59.747 [main] INFO  org.apache.catalina.core.StandardService - Starting service [Tomcat]
2025-11-17 10:43:59.748 [main] INFO  org.apache.catalina.core.StandardEngine - Starting Servlet engine: [Apache Tomcat/9.0.83]
2025-11-17 10:43:59.903 [main] INFO  o.a.c.core.ContainerBase.[Tomcat].[localhost].[/] - Initializing Spring embedded WebApplicationContext
2025-11-17 10:43:59.904 [main] INFO  o.s.b.w.s.c.ServletWebServerApplicationContext - Root WebApplicationContext: initialization completed in 2057 ms
2025-11-17 10:44:00.461 [main] WARN  c.b.mybatisplus.core.injector.DefaultSqlInjector - class com.example.myspringboot.entity.Order ,Not found @TableId annotation, Cannot use Mybatis-Plus 'xxById' Method.
2025-11-17 10:44:01.508 [main] INFO  com.zaxxer.hikari.HikariDataSource - HikariPool-1 - Starting...
2025-11-17 10:44:01.640 [main] INFO  com.zaxxer.hikari.HikariDataSource - HikariPool-1 - Start completed.
2025-11-17 10:44:02.161 [main] INFO  o.s.boot.web.embedded.tomcat.TomcatWebServer - Tomcat started on port(s): 8080 (http) with context path ''
2025-11-17 10:44:02.180 [main] INFO  com.example.myspringboot.MySpringBootApplication - Started MySpringBootApplication in 4.909 seconds (JVM running for 5.32)
2025-11-17 10:44:11.271 [http-nio-8080-exec-1] INFO  o.a.c.core.ContainerBase.[Tomcat].[localhost].[/] - Initializing Spring DispatcherServlet 'dispatcherServlet'
2025-11-17 10:44:11.272 [http-nio-8080-exec-1] INFO  org.springframework.web.servlet.DispatcherServlet - Initializing Servlet 'dispatcherServlet'
2025-11-17 10:44:11.273 [http-nio-8080-exec-1] INFO  org.springframework.web.servlet.DispatcherServlet - Completed initialization in 1 ms
2025-11-17 10:44:49.780 [main] INFO  c.e.myspringboot.controller.TestControllerTest - Starting TestControllerTest using Java 1.8.0_331 on WIN-CS75U3R71FV with PID 8380 (started by Administrator in C:\Users\Administrator\Documents\trae_projects\buying3)
2025-11-17 10:44:49.783 [main] DEBUG c.e.myspringboot.controller.TestControllerTest - Running with Spring Boot v2.7.18, Spring v5.3.31
2025-11-17 10:44:49.784 [main] INFO  c.e.myspringboot.controller.TestControllerTest - No active profile set, falling back to 1 default profile: "default"
2025-11-17 10:44:52.523 [main] INFO  o.s.b.test.mock.web.SpringBootMockServletContext - Initializing Spring TestDispatcherServlet ''
2025-11-17 10:44:52.524 [main] INFO  o.s.test.web.servlet.TestDispatcherServlet - Initializing Servlet ''
2025-11-17 10:44:52.526 [main] INFO  o.s.test.web.servlet.TestDispatcherServlet - Completed initialization in 1 ms
2025-11-17 10:44:52.592 [main] INFO  c.e.myspringboot.controller.TestControllerTest - Started TestControllerTest in 3.644 seconds (JVM running for 5.006)
2025-11-17 10:44:53.385 [main] INFO  o.s.b.t.context.SpringBootTestContextBootstrapper - Neither @ContextConfiguration nor @ContextHierarchy found for test class [com.example.myspringboot.SeckillApplicationTests], using SpringBootContextLoader
2025-11-17 10:44:53.386 [main] INFO  o.s.test.context.support.AbstractContextLoader - Could not detect default resource locations for test class [com.example.myspringboot.SeckillApplicationTests]: no resource found for suffixes {-context.xml, Context.groovy}.
2025-11-17 10:44:53.387 [main] INFO  o.s.t.c.support.AnnotationConfigContextLoaderUtils - Could not detect default configuration classes for test class [com.example.myspringboot.SeckillApplicationTests]: SeckillApplicationTests does not declare any static, non-private, non-final, nested classes annotated with @Configuration.
2025-11-17 10:44:53.398 [main] INFO  o.s.b.t.context.SpringBootTestContextBootstrapper - Found @SpringBootConfiguration com.example.myspringboot.MySpringBootApplication for test class com.example.myspringboot.SeckillApplicationTests
2025-11-17 10:44:53.404 [main] INFO  o.s.b.t.context.SpringBootTestContextBootstrapper - Loaded default TestExecutionListener class names from location [META-INF/spring.factories]: [org.springframework.boot.test.mock.mockito.MockitoTestExecutionListener, org.springframework.boot.test.mock.mockito.ResetMocksTestExecutionListener, org.springframework.boot.test.autoconfigure.restdocs.RestDocsTestExecutionListener, org.springframework.boot.test.autoconfigure.web.client.MockRestServiceServerResetTestExecutionListener, org.springframework.boot.test.autoconfigure.web.servlet.MockMvcPrintOnlyOnFailureTestExecutionListener, org.springframework.boot.test.autoconfigure.web.servlet.WebDriverTestExecutionListener, org.springframework.boot.test.autoconfigure.webservices.client.MockWebServiceServerTestExecutionListener, org.springframework.test.context.web.ServletTestExecutionListener, org.springframework.test.context.support.DirtiesContextBeforeModesTestExecutionListener, org.springframework.test.context.event.ApplicationEventsTestExecutionListener, org.springframework.test.context.support.DependencyInjectionTestExecutionListener, org.springframework.test.context.support.DirtiesContextTestExecutionListener, org.springframework.test.context.transaction.TransactionalTestExecutionListener, org.springframework.test.context.jdbc.SqlScriptsTestExecutionListener, org.springframework.test.context.event.EventPublishingTestExecutionListener]
2025-11-17 10:44:53.405 [main] INFO  o.s.b.t.context.SpringBootTestContextBootstrapper - Using TestExecutionListeners: [org.springframework.test.context.web.ServletTestExecutionListener@121bb45b, org.springframework.test.context.support.DirtiesContextBeforeModesTestExecutionListener@4faa298, org.springframework.test.context.event.ApplicationEventsTestExecutionListener@1cd3b138, org.springframework.boot.test.mock.mockito.MockitoTestExecutionListener@151bf776, org.springframework.boot.test.autoconfigure.SpringBootDependencyInjectionTestExecutionListener@5a6d30e2, org.springframework.test.context.support.DirtiesContextTestExecutionListener@b52b755, org.springframework.test.context.transaction.TransactionalTestExecutionListener@a098d76, org.springframework.test.context.jdbc.SqlScriptsTestExecutionListener@40e37b06, org.springframework.test.context.event.EventPublishingTestExecutionListener@733aa9d8, org.springframework.boot.test.mock.mockito.ResetMocksTestExecutionListener@6dcc40f5, org.springframework.boot.test.autoconfigure.restdocs.RestDocsTestExecutionListener@2b680207, org.springframework.boot.test.autoconfigure.web.client.MockRestServiceServerResetTestExecutionListener@70887727, org.springframework.boot.test.autoconfigure.web.servlet.MockMvcPrintOnlyOnFailureTestExecutionListener@56da7487, org.springframework.boot.test.autoconfigure.web.servlet.WebDriverTestExecutionListener@599e4d41, org.springframework.boot.test.autoconfigure.webservices.client.MockWebServiceServerTestExecutionListener@328d044f]
2025-11-17 10:44:53.481 [main] INFO  com.example.myspringboot.SeckillApplicationTests - Starting SeckillApplicationTests using Java 1.8.0_331 on WIN-CS75U3R71FV with PID 8380 (started by Administrator in C:\Users\Administrator\Documents\trae_projects\buying3)
2025-11-17 10:44:53.481 [main] DEBUG com.example.myspringboot.SeckillApplicationTests - Running with Spring Boot v2.7.18, Spring v5.3.31
2025-11-17 10:44:53.482 [main] INFO  com.example.myspringboot.SeckillApplicationTests - No active profile set, falling back to 1 default profile: "default"
2025-11-17 10:44:54.642 [main] WARN  c.b.mybatisplus.core.injector.DefaultSqlInjector - class com.example.myspringboot.entity.Order ,Not found @TableId annotation, Cannot use Mybatis-Plus 'xxById' Method.
2025-11-17 10:44:55.999 [main] INFO  com.zaxxer.hikari.HikariDataSource - HikariPool-1 - Starting...
2025-11-17 10:44:56.683 [main] INFO  com.zaxxer.hikari.HikariDataSource - HikariPool-1 - Start completed.
2025-11-17 10:44:57.768 [main] INFO  com.example.myspringboot.SeckillApplicationTests - Started SeckillApplicationTests in 4.358 seconds (JVM running for 10.182)
2025-11-17 10:44:58.390 [SpringApplicationShutdownHook] INFO  com.zaxxer.hikari.HikariDataSource - HikariPool-1 - Shutdown initiated...
2025-11-17 10:44:58.396 [SpringApplicationShutdownHook] INFO  com.zaxxer.hikari.HikariDataSource - HikariPool-1 - Shutdown completed.
2025-11-17 10:46:03.806 [main] INFO  c.e.myspringboot.controller.TestControllerTest - Starting TestControllerTest using Java 1.8.0_331 on WIN-CS75U3R71FV with PID 12964 (started by Administrator in C:\Users\Administrator\Documents\trae_projects\buying3)
2025-11-17 10:46:03.807 [main] DEBUG c.e.myspringboot.controller.TestControllerTest - Running with Spring Boot v2.7.18, Spring v5.3.31
2025-11-17 10:46:03.808 [main] INFO  c.e.myspringboot.controller.TestControllerTest - No active profile set, falling back to 1 default profile: "default"
2025-11-17 10:46:05.986 [main] INFO  o.s.b.test.mock.web.SpringBootMockServletContext - Initializing Spring TestDispatcherServlet ''
2025-11-17 10:46:05.986 [main] INFO  o.s.test.web.servlet.TestDispatcherServlet - Initializing Servlet ''
2025-11-17 10:46:05.988 [main] INFO  o.s.test.web.servlet.TestDispatcherServlet - Completed initialization in 2 ms
2025-11-17 10:46:06.055 [main] INFO  c.e.myspringboot.controller.TestControllerTest - Started TestControllerTest in 3.034 seconds (JVM running for 4.478)
2025-11-17 10:46:06.828 [main] INFO  o.s.b.t.context.SpringBootTestContextBootstrapper - Neither @ContextConfiguration nor @ContextHierarchy found for test class [com.example.myspringboot.SeckillApplicationTests], using SpringBootContextLoader
2025-11-17 10:46:06.830 [main] INFO  o.s.test.context.support.AbstractContextLoader - Could not detect default resource locations for test class [com.example.myspringboot.SeckillApplicationTests]: no resource found for suffixes {-context.xml, Context.groovy}.
2025-11-17 10:46:06.830 [main] INFO  o.s.t.c.support.AnnotationConfigContextLoaderUtils - Could not detect default configuration classes for test class [com.example.myspringboot.SeckillApplicationTests]: SeckillApplicationTests does not declare any static, non-private, non-final, nested classes annotated with @Configuration.
2025-11-17 10:46:06.846 [main] INFO  o.s.b.t.context.SpringBootTestContextBootstrapper - Found @SpringBootConfiguration com.example.myspringboot.MySpringBootApplication for test class com.example.myspringboot.SeckillApplicationTests
2025-11-17 10:46:06.853 [main] INFO  o.s.b.t.context.SpringBootTestContextBootstrapper - Loaded default TestExecutionListener class names from location [META-INF/spring.factories]: [org.springframework.boot.test.mock.mockito.MockitoTestExecutionListener, org.springframework.boot.test.mock.mockito.ResetMocksTestExecutionListener, org.springframework.boot.test.autoconfigure.restdocs.RestDocsTestExecutionListener, org.springframework.boot.test.autoconfigure.web.client.MockRestServiceServerResetTestExecutionListener, org.springframework.boot.test.autoconfigure.web.servlet.MockMvcPrintOnlyOnFailureTestExecutionListener, org.springframework.boot.test.autoconfigure.web.servlet.WebDriverTestExecutionListener, org.springframework.boot.test.autoconfigure.webservices.client.MockWebServiceServerTestExecutionListener, org.springframework.test.context.web.ServletTestExecutionListener, org.springframework.test.context.support.DirtiesContextBeforeModesTestExecutionListener, org.springframework.test.context.event.ApplicationEventsTestExecutionListener, org.springframework.test.context.support.DependencyInjectionTestExecutionListener, org.springframework.test.context.support.DirtiesContextTestExecutionListener, org.springframework.test.context.transaction.TransactionalTestExecutionListener, org.springframework.test.context.jdbc.SqlScriptsTestExecutionListener, org.springframework.test.context.event.EventPublishingTestExecutionListener]
2025-11-17 10:46:06.854 [main] INFO  o.s.b.t.context.SpringBootTestContextBootstrapper - Using TestExecutionListeners: [org.springframework.test.context.web.ServletTestExecutionListener@5624657a, org.springframework.test.context.support.DirtiesContextBeforeModesTestExecutionListener@36681447, org.springframework.test.context.event.ApplicationEventsTestExecutionListener@4d21c56e, org.springframework.boot.test.mock.mockito.MockitoTestExecutionListener@726aa968, org.springframework.boot.test.autoconfigure.SpringBootDependencyInjectionTestExecutionListener@7100dea, org.springframework.test.context.support.DirtiesContextTestExecutionListener@712cfb63, org.springframework.test.context.transaction.TransactionalTestExecutionListener@32e54a9d, org.springframework.test.context.jdbc.SqlScriptsTestExecutionListener@15639440, org.springframework.test.context.event.EventPublishingTestExecutionListener@121bb45b, org.springframework.boot.test.mock.mockito.ResetMocksTestExecutionListener@4faa298, org.springframework.boot.test.autoconfigure.restdocs.RestDocsTestExecutionListener@1cd3b138, org.springframework.boot.test.autoconfigure.web.client.MockRestServiceServerResetTestExecutionListener@151bf776, org.springframework.boot.test.autoconfigure.web.servlet.MockMvcPrintOnlyOnFailureTestExecutionListener@5a6d30e2, org.springframework.boot.test.autoconfigure.web.servlet.WebDriverTestExecutionListener@b52b755, org.springframework.boot.test.autoconfigure.webservices.client.MockWebServiceServerTestExecutionListener@a098d76]
2025-11-17 10:46:06.931 [main] INFO  com.example.myspringboot.SeckillApplicationTests - Starting SeckillApplicationTests using Java 1.8.0_331 on WIN-CS75U3R71FV with PID 12964 (started by Administrator in C:\Users\Administrator\Documents\trae_projects\buying3)
2025-11-17 10:46:06.932 [main] DEBUG com.example.myspringboot.SeckillApplicationTests - Running with Spring Boot v2.7.18, Spring v5.3.31
2025-11-17 10:46:06.933 [main] INFO  com.example.myspringboot.SeckillApplicationTests - No active profile set, falling back to 1 default profile: "default"
2025-11-17 10:46:08.263 [main] WARN  c.b.mybatisplus.core.injector.DefaultSqlInjector - class com.example.myspringboot.entity.Order ,Not found @TableId annotation, Cannot use Mybatis-Plus 'xxById' Method.
2025-11-17 10:46:09.459 [main] INFO  com.zaxxer.hikari.HikariDataSource - HikariPool-1 - Starting...
2025-11-17 10:46:10.085 [main] INFO  com.zaxxer.hikari.HikariDataSource - HikariPool-1 - Start completed.
2025-11-17 10:46:11.199 [main] INFO  com.example.myspringboot.SeckillApplicationTests - Started SeckillApplicationTests in 4.34 seconds (JVM running for 9.622)
2025-11-17 10:46:13.965 [SpringApplicationShutdownHook] INFO  com.zaxxer.hikari.HikariDataSource - HikariPool-1 - Shutdown initiated...
2025-11-17 10:46:13.970 [SpringApplicationShutdownHook] INFO  com.zaxxer.hikari.HikariDataSource - HikariPool-1 - Shutdown completed.
2025-11-17 10:47:58.874 [main] INFO  c.e.myspringboot.controller.TestControllerTest - Starting TestControllerTest using Java 1.8.0_331 on WIN-CS75U3R71FV with PID 25784 (started by Administrator in C:\Users\Administrator\Documents\trae_projects\buying3)
2025-11-17 10:47:58.876 [main] DEBUG c.e.myspringboot.controller.TestControllerTest - Running with Spring Boot v2.7.18, Spring v5.3.31
2025-11-17 10:47:58.876 [main] INFO  c.e.myspringboot.controller.TestControllerTest - No active profile set, falling back to 1 default profile: "default"
2025-11-17 10:48:00.904 [main] INFO  o.s.b.test.mock.web.SpringBootMockServletContext - Initializing Spring TestDispatcherServlet ''
2025-11-17 10:48:00.905 [main] INFO  o.s.test.web.servlet.TestDispatcherServlet - Initializing Servlet ''
2025-11-17 10:48:00.907 [main] INFO  o.s.test.web.servlet.TestDispatcherServlet - Completed initialization in 2 ms
2025-11-17 10:48:00.974 [main] INFO  c.e.myspringboot.controller.TestControllerTest - Started TestControllerTest in 2.816 seconds (JVM running for 3.999)
2025-11-17 10:48:01.668 [main] INFO  o.s.b.t.context.SpringBootTestContextBootstrapper - Neither @ContextConfiguration nor @ContextHierarchy found for test class [com.example.myspringboot.SeckillApplicationTests], using SpringBootContextLoader
2025-11-17 10:48:01.670 [main] INFO  o.s.test.context.support.AbstractContextLoader - Could not detect default resource locations for test class [com.example.myspringboot.SeckillApplicationTests]: no resource found for suffixes {-context.xml, Context.groovy}.
2025-11-17 10:48:01.671 [main] INFO  o.s.t.c.support.AnnotationConfigContextLoaderUtils - Could not detect default configuration classes for test class [com.example.myspringboot.SeckillApplicationTests]: SeckillApplicationTests does not declare any static, non-private, non-final, nested classes annotated with @Configuration.
2025-11-17 10:48:01.684 [main] INFO  o.s.b.t.context.SpringBootTestContextBootstrapper - Found @SpringBootConfiguration com.example.myspringboot.MySpringBootApplication for test class com.example.myspringboot.SeckillApplicationTests
2025-11-17 10:48:01.692 [main] INFO  o.s.b.t.context.SpringBootTestContextBootstrapper - Loaded default TestExecutionListener class names from location [META-INF/spring.factories]: [org.springframework.boot.test.mock.mockito.MockitoTestExecutionListener, org.springframework.boot.test.mock.mockito.ResetMocksTestExecutionListener, org.springframework.boot.test.autoconfigure.restdocs.RestDocsTestExecutionListener, org.springframework.boot.test.autoconfigure.web.client.MockRestServiceServerResetTestExecutionListener, org.springframework.boot.test.autoconfigure.web.servlet.MockMvcPrintOnlyOnFailureTestExecutionListener, org.springframework.boot.test.autoconfigure.web.servlet.WebDriverTestExecutionListener, org.springframework.boot.test.autoconfigure.webservices.client.MockWebServiceServerTestExecutionListener, org.springframework.test.context.web.ServletTestExecutionListener, org.springframework.test.context.support.DirtiesContextBeforeModesTestExecutionListener, org.springframework.test.context.event.ApplicationEventsTestExecutionListener, org.springframework.test.context.support.DependencyInjectionTestExecutionListener, org.springframework.test.context.support.DirtiesContextTestExecutionListener, org.springframework.test.context.transaction.TransactionalTestExecutionListener, org.springframework.test.context.jdbc.SqlScriptsTestExecutionListener, org.springframework.test.context.event.EventPublishingTestExecutionListener]
2025-11-17 10:48:01.693 [main] INFO  o.s.b.t.context.SpringBootTestContextBootstrapper - Using TestExecutionListeners: [org.springframework.test.context.web.ServletTestExecutionListener@733aa9d8, org.springframework.test.context.support.DirtiesContextBeforeModesTestExecutionListener@6dcc40f5, org.springframework.test.context.event.ApplicationEventsTestExecutionListener@2b680207, org.springframework.boot.test.mock.mockito.MockitoTestExecutionListener@70887727, org.springframework.boot.test.autoconfigure.SpringBootDependencyInjectionTestExecutionListener@56da7487, org.springframework.test.context.support.DirtiesContextTestExecutionListener@599e4d41, org.springframework.test.context.transaction.TransactionalTestExecutionListener@328d044f, org.springframework.test.context.jdbc.SqlScriptsTestExecutionListener@10f7c76, org.springframework.test.context.event.EventPublishingTestExecutionListener@4745e9c, org.springframework.boot.test.mock.mockito.ResetMocksTestExecutionListener@2f2bff16, org.springframework.boot.test.autoconfigure.restdocs.RestDocsTestExecutionListener@75de29c0, org.springframework.boot.test.autoconfigure.web.client.MockRestServiceServerResetTestExecutionListener@fc807c1, org.springframework.boot.test.autoconfigure.web.servlet.MockMvcPrintOnlyOnFailureTestExecutionListener@296e281a, org.springframework.boot.test.autoconfigure.web.servlet.WebDriverTestExecutionListener@59cda16e, org.springframework.boot.test.autoconfigure.webservices.client.MockWebServiceServerTestExecutionListener@5dd903be]
2025-11-17 10:48:01.756 [main] INFO  com.example.myspringboot.SeckillApplicationTests - Starting SeckillApplicationTests using Java 1.8.0_331 on WIN-CS75U3R71FV with PID 25784 (started by Administrator in C:\Users\Administrator\Documents\trae_projects\buying3)
2025-11-17 10:48:01.756 [main] DEBUG com.example.myspringboot.SeckillApplicationTests - Running with Spring Boot v2.7.18, Spring v5.3.31
2025-11-17 10:48:01.756 [main] INFO  com.example.myspringboot.SeckillApplicationTests - No active profile set, falling back to 1 default profile: "default"
2025-11-17 10:48:02.941 [main] WARN  c.b.mybatisplus.core.injector.DefaultSqlInjector - class com.example.myspringboot.entity.Order ,Not found @TableId annotation, Cannot use Mybatis-Plus 'xxById' Method.
2025-11-17 10:48:04.074 [main] INFO  com.zaxxer.hikari.HikariDataSource - HikariPool-1 - Starting...
2025-11-17 10:48:04.724 [main] INFO  com.zaxxer.hikari.HikariDataSource - HikariPool-1 - Start completed.
2025-11-17 10:48:05.767 [main] INFO  com.example.myspringboot.SeckillApplicationTests - Started SeckillApplicationTests in 4.071 seconds (JVM running for 8.792)
2025-11-17 10:48:08.934 [SpringApplicationShutdownHook] INFO  com.zaxxer.hikari.HikariDataSource - HikariPool-1 - Shutdown initiated...
2025-11-17 10:48:08.938 [SpringApplicationShutdownHook] INFO  com.zaxxer.hikari.HikariDataSource - HikariPool-1 - Shutdown completed.
2025-11-17 10:48:33.484 [main] INFO  c.e.myspringboot.controller.TestControllerTest - Starting TestControllerTest using Java 1.8.0_331 on WIN-CS75U3R71FV with PID 34624 (started by Administrator in C:\Users\Administrator\Documents\trae_projects\buying3)
2025-11-17 10:48:33.488 [main] DEBUG c.e.myspringboot.controller.TestControllerTest - Running with Spring Boot v2.7.18, Spring v5.3.31
2025-11-17 10:48:33.488 [main] INFO  c.e.myspringboot.controller.TestControllerTest - No active profile set, falling back to 1 default profile: "default"
2025-11-17 10:48:35.512 [main] INFO  o.s.b.test.mock.web.SpringBootMockServletContext - Initializing Spring TestDispatcherServlet ''
2025-11-17 10:48:35.513 [main] INFO  o.s.test.web.servlet.TestDispatcherServlet - Initializing Servlet ''
2025-11-17 10:48:35.515 [main] INFO  o.s.test.web.servlet.TestDispatcherServlet - Completed initialization in 2 ms
2025-11-17 10:48:35.567 [main] INFO  c.e.myspringboot.controller.TestControllerTest - Started TestControllerTest in 2.86 seconds (JVM running for 4.215)
2025-11-17 10:48:36.242 [main] INFO  o.s.b.t.context.SpringBootTestContextBootstrapper - Neither @ContextConfiguration nor @ContextHierarchy found for test class [com.example.myspringboot.SeckillApplicationTests], using SpringBootContextLoader
2025-11-17 10:48:36.244 [main] INFO  o.s.test.context.support.AbstractContextLoader - Could not detect default resource locations for test class [com.example.myspringboot.SeckillApplicationTests]: no resource found for suffixes {-context.xml, Context.groovy}.
2025-11-17 10:48:36.244 [main] INFO  o.s.t.c.support.AnnotationConfigContextLoaderUtils - Could not detect default configuration classes for test class [com.example.myspringboot.SeckillApplicationTests]: SeckillApplicationTests does not declare any static, non-private, non-final, nested classes annotated with @Configuration.
2025-11-17 10:48:36.255 [main] INFO  o.s.b.t.context.SpringBootTestContextBootstrapper - Found @SpringBootConfiguration com.example.myspringboot.MySpringBootApplication for test class com.example.myspringboot.SeckillApplicationTests
2025-11-17 10:48:36.263 [main] INFO  o.s.b.t.context.SpringBootTestContextBootstrapper - Loaded default TestExecutionListener class names from location [META-INF/spring.factories]: [org.springframework.boot.test.mock.mockito.MockitoTestExecutionListener, org.springframework.boot.test.mock.mockito.ResetMocksTestExecutionListener, org.springframework.boot.test.autoconfigure.restdocs.RestDocsTestExecutionListener, org.springframework.boot.test.autoconfigure.web.client.MockRestServiceServerResetTestExecutionListener, org.springframework.boot.test.autoconfigure.web.servlet.MockMvcPrintOnlyOnFailureTestExecutionListener, org.springframework.boot.test.autoconfigure.web.servlet.WebDriverTestExecutionListener, org.springframework.boot.test.autoconfigure.webservices.client.MockWebServiceServerTestExecutionListener, org.springframework.test.context.web.ServletTestExecutionListener, org.springframework.test.context.support.DirtiesContextBeforeModesTestExecutionListener, org.springframework.test.context.event.ApplicationEventsTestExecutionListener, org.springframework.test.context.support.DependencyInjectionTestExecutionListener, org.springframework.test.context.support.DirtiesContextTestExecutionListener, org.springframework.test.context.transaction.TransactionalTestExecutionListener, org.springframework.test.context.jdbc.SqlScriptsTestExecutionListener, org.springframework.test.context.event.EventPublishingTestExecutionListener]
2025-11-17 10:48:36.265 [main] INFO  o.s.b.t.context.SpringBootTestContextBootstrapper - Using TestExecutionListeners: [org.springframework.test.context.web.ServletTestExecutionListener@a098d76, org.springframework.test.context.support.DirtiesContextBeforeModesTestExecutionListener@40e37b06, org.springframework.test.context.event.ApplicationEventsTestExecutionListener@733aa9d8, org.springframework.boot.test.mock.mockito.MockitoTestExecutionListener@6dcc40f5, org.springframework.boot.test.autoconfigure.SpringBootDependencyInjectionTestExecutionListener@2b680207, org.springframework.test.context.support.DirtiesContextTestExecutionListener@70887727, org.springframework.test.context.transaction.TransactionalTestExecutionListener@56da7487, org.springframework.test.context.jdbc.SqlScriptsTestExecutionListener@599e4d41, org.springframework.test.context.event.EventPublishingTestExecutionListener@328d044f, org.springframework.boot.test.mock.mockito.ResetMocksTestExecutionListener@10f7c76, org.springframework.boot.test.autoconfigure.restdocs.RestDocsTestExecutionListener@4745e9c, org.springframework.boot.test.autoconfigure.web.client.MockRestServiceServerResetTestExecutionListener@2f2bff16, org.springframework.boot.test.autoconfigure.web.servlet.MockMvcPrintOnlyOnFailureTestExecutionListener@75de29c0, org.springframework.boot.test.autoconfigure.web.servlet.WebDriverTestExecutionListener@fc807c1, org.springframework.boot.test.autoconfigure.webservices.client.MockWebServiceServerTestExecutionListener@296e281a]
2025-11-17 10:48:36.337 [main] INFO  com.example.myspringboot.SeckillApplicationTests - Starting SeckillApplicationTests using Java 1.8.0_331 on WIN-CS75U3R71FV with PID 34624 (started by Administrator in C:\Users\Administrator\Documents\trae_projects\buying3)
2025-11-17 10:48:36.338 [main] DEBUG com.example.myspringboot.SeckillApplicationTests - Running with Spring Boot v2.7.18, Spring v5.3.31
2025-11-17 10:48:36.338 [main] INFO  com.example.myspringboot.SeckillApplicationTests - No active profile set, falling back to 1 default profile: "default"
2025-11-17 10:48:37.559 [main] WARN  c.b.mybatisplus.core.injector.DefaultSqlInjector - class com.example.myspringboot.entity.Order ,Not found @TableId annotation, Cannot use Mybatis-Plus 'xxById' Method.
2025-11-17 10:48:38.960 [main] INFO  com.zaxxer.hikari.HikariDataSource - HikariPool-1 - Starting...
2025-11-17 10:48:39.798 [main] INFO  com.zaxxer.hikari.HikariDataSource - HikariPool-1 - Start completed.
2025-11-17 10:48:40.867 [main] INFO  com.example.myspringboot.SeckillApplicationTests - Started SeckillApplicationTests in 4.598 seconds (JVM running for 9.515)
2025-11-17 10:48:43.616 [SpringApplicationShutdownHook] INFO  com.zaxxer.hikari.HikariDataSource - HikariPool-1 - Shutdown initiated...
2025-11-17 10:48:43.621 [SpringApplicationShutdownHook] INFO  com.zaxxer.hikari.HikariDataSource - HikariPool-1 - Shutdown completed.
2025-11-18 12:19:00.889 [main] INFO  com.example.myspringboot.MySpringBootApplication - Starting MySpringBootApplication v0.0.1-SNAPSHOT using Java 1.8.0_331 on WIN-CS75U3R71FV with PID 8912 (C:\Users\Administrator\Documents\trae_projects\jingfang\panic-buying\target\myspringboot-0.0.1-SNAPSHOT.jar started by Administrator in C:\Users\Administrator\Documents\trae_projects\jingfang\panic-buying)
2025-11-18 12:19:00.891 [main] DEBUG com.example.myspringboot.MySpringBootApplication - Running with Spring Boot v2.7.18, Spring v5.3.31
2025-11-18 12:19:00.891 [main] INFO  com.example.myspringboot.MySpringBootApplication - No active profile set, falling back to 1 default profile: "default"
2025-11-18 12:19:02.322 [main] INFO  o.s.boot.web.embedded.tomcat.TomcatWebServer - Tomcat initialized with port(s): 8080 (http)
2025-11-18 12:19:02.337 [main] INFO  org.apache.catalina.core.StandardService - Starting service [Tomcat]
2025-11-18 12:19:02.337 [main] INFO  org.apache.catalina.core.StandardEngine - Starting Servlet engine: [Apache Tomcat/9.0.83]
2025-11-18 12:19:02.508 [main] INFO  o.a.c.core.ContainerBase.[Tomcat].[localhost].[/] - Initializing Spring embedded WebApplicationContext
2025-11-18 12:19:02.509 [main] INFO  o.s.b.w.s.c.ServletWebServerApplicationContext - Root WebApplicationContext: initialization completed in 1573 ms
2025-11-18 12:19:02.916 [main] WARN  o.s.b.w.s.c.AnnotationConfigServletWebServerApplicationContext - Exception encountered during context initialization - cancelling refresh attempt: org.springframework.beans.factory.UnsatisfiedDependencyException: Error creating bean with name 'chineseMedicineController': Unsatisfied dependency expressed through field 'chineseMedicineService'; nested exception is org.springframework.beans.factory.UnsatisfiedDependencyException: Error creating bean with name 'chineseMedicineServiceImpl': Unsatisfied dependency expressed through field 'baseMapper'; nested exception is org.springframework.beans.factory.BeanCreationException: Error creating bean with name 'chineseMedicineMapper' defined in URL [jar:file:/C:/Users/Administrator/Documents/trae_projects/jingfang/panic-buying/target/myspringboot-0.0.1-SNAPSHOT.jar!/BOOT-INF/classes!/com/example/myspringboot/mapper/ChineseMedicineMapper.class]: Cannot resolve reference to bean 'sqlSessionTemplate' while setting bean property 'sqlSessionTemplate'; nested exception is org.springframework.beans.factory.UnsatisfiedDependencyException: Error creating bean with name 'sqlSessionTemplate' defined in class path resource [com/baomidou/mybatisplus/autoconfigure/MybatisPlusAutoConfiguration.class]: Unsatisfied dependency expressed through method 'sqlSessionTemplate' parameter 0; nested exception is org.springframework.beans.factory.BeanCreationException: Error creating bean with name 'sqlSessionFactory' defined in class path resource [com/baomidou/mybatisplus/autoconfigure/MybatisPlusAutoConfiguration.class]: Bean instantiation via factory method failed; nested exception is org.springframework.beans.BeanInstantiationException: Failed to instantiate [org.apache.ibatis.session.SqlSessionFactory]: Factory method 'sqlSessionFactory' threw exception; nested exception is java.io.IOException: Failed to parse mapping resource: 'URL [jar:file:/C:/Users/Administrator/Documents/trae_projects/jingfang/panic-buying/target/myspringboot-0.0.1-SNAPSHOT.jar!/BOOT-INF/classes!/mapper/xml/OrderMapper.xml]'
2025-11-18 12:19:02.920 [main] INFO  org.apache.catalina.core.StandardService - Stopping service [Tomcat]
2025-11-18 12:19:02.930 [main] INFO  o.s.b.a.l.ConditionEvaluationReportLoggingListener - 

Error starting ApplicationContext. To display the conditions report re-run your application with 'debug' enabled.
2025-11-18 12:19:02.955 [main] ERROR org.springframework.boot.SpringApplication - Application run failed
org.springframework.beans.factory.UnsatisfiedDependencyException: Error creating bean with name 'chineseMedicineController': Unsatisfied dependency expressed through field 'chineseMedicineService'; nested exception is org.springframework.beans.factory.UnsatisfiedDependencyException: Error creating bean with name 'chineseMedicineServiceImpl': Unsatisfied dependency expressed through field 'baseMapper'; nested exception is org.springframework.beans.factory.BeanCreationException: Error creating bean with name 'chineseMedicineMapper' defined in URL [jar:file:/C:/Users/Administrator/Documents/trae_projects/jingfang/panic-buying/target/myspringboot-0.0.1-SNAPSHOT.jar!/BOOT-INF/classes!/com/example/myspringboot/mapper/ChineseMedicineMapper.class]: Cannot resolve reference to bean 'sqlSessionTemplate' while setting bean property 'sqlSessionTemplate'; nested exception is org.springframework.beans.factory.UnsatisfiedDependencyException: Error creating bean with name 'sqlSessionTemplate' defined in class path resource [com/baomidou/mybatisplus/autoconfigure/MybatisPlusAutoConfiguration.class]: Unsatisfied dependency expressed through method 'sqlSessionTemplate' parameter 0; nested exception is org.springframework.beans.factory.BeanCreationException: Error creating bean with name 'sqlSessionFactory' defined in class path resource [com/baomidou/mybatisplus/autoconfigure/MybatisPlusAutoConfiguration.class]: Bean instantiation via factory method failed; nested exception is org.springframework.beans.BeanInstantiationException: Failed to instantiate [org.apache.ibatis.session.SqlSessionFactory]: Factory method 'sqlSessionFactory' threw exception; nested exception is java.io.IOException: Failed to parse mapping resource: 'URL [jar:file:/C:/Users/Administrator/Documents/trae_projects/jingfang/panic-buying/target/myspringboot-0.0.1-SNAPSHOT.jar!/BOOT-INF/classes!/mapper/xml/OrderMapper.xml]'
	at org.springframework.beans.factory.annotation.AutowiredAnnotationBeanPostProcessor$AutowiredFieldElement.resolveFieldValue(AutowiredAnnotationBeanPostProcessor.java:713)
	at org.springframework.beans.factory.annotation.AutowiredAnnotationBeanPostProcessor$AutowiredFieldElement.inject(AutowiredAnnotationBeanPostProcessor.java:693)
	at org.springframework.beans.factory.annotation.InjectionMetadata.inject(InjectionMetadata.java:119)
	at org.springframework.beans.factory.annotation.AutowiredAnnotationBeanPostProcessor.postProcessProperties(AutowiredAnnotationBeanPostProcessor.java:408)
	at org.springframework.beans.factory.support.AbstractAutowireCapableBeanFactory.populateBean(AbstractAutowireCapableBeanFactory.java:1431)
	at org.springframework.beans.factory.support.AbstractAutowireCapableBeanFactory.doCreateBean(AbstractAutowireCapableBeanFactory.java:619)
	at org.springframework.beans.factory.support.AbstractAutowireCapableBeanFactory.createBean(AbstractAutowireCapableBeanFactory.java:542)
	at org.springframework.beans.factory.support.AbstractBeanFactory.lambda$doGetBean$0(AbstractBeanFactory.java:335)
	at org.springframework.beans.factory.support.DefaultSingletonBeanRegistry.getSingleton(DefaultSingletonBeanRegistry.java:234)
	at org.springframework.beans.factory.support.AbstractBeanFactory.doGetBean(AbstractBeanFactory.java:333)
	at org.springframework.beans.factory.support.AbstractBeanFactory.getBean(AbstractBeanFactory.java:208)
	at org.springframework.beans.factory.support.DefaultListableBeanFactory.preInstantiateSingletons(DefaultListableBeanFactory.java:955)
	at org.springframework.context.support.AbstractApplicationContext.finishBeanFactoryInitialization(AbstractApplicationContext.java:929)
	at org.springframework.context.support.AbstractApplicationContext.refresh(AbstractApplicationContext.java:591)
	at org.springframework.boot.web.servlet.context.ServletWebServerApplicationContext.refresh(ServletWebServerApplicationContext.java:147)
	at org.springframework.boot.SpringApplication.refresh(SpringApplication.java:732)
	at org.springframework.boot.SpringApplication.refreshContext(SpringApplication.java:409)
	at org.springframework.boot.SpringApplication.run(SpringApplication.java:308)
	at org.springframework.boot.SpringApplication.run(SpringApplication.java:1300)
	at org.springframework.boot.SpringApplication.run(SpringApplication.java:1289)
	at com.example.myspringboot.MySpringBootApplication.main(MySpringBootApplication.java:12)
	at sun.reflect.NativeMethodAccessorImpl.invoke0(Native Method)
	at sun.reflect.NativeMethodAccessorImpl.invoke(Unknown Source)
	at sun.reflect.DelegatingMethodAccessorImpl.invoke(Unknown Source)
	at java.lang.reflect.Method.invoke(Unknown Source)
	at org.springframework.boot.loader.MainMethodRunner.run(MainMethodRunner.java:49)
	at org.springframework.boot.loader.Launcher.launch(Launcher.java:108)
	at org.springframework.boot.loader.Launcher.launch(Launcher.java:58)
	at org.springframework.boot.loader.JarLauncher.main(JarLauncher.java:65)
Caused by: org.springframework.beans.factory.UnsatisfiedDependencyException: Error creating bean with name 'chineseMedicineServiceImpl': Unsatisfied dependency expressed through field 'baseMapper'; nested exception is org.springframework.beans.factory.BeanCreationException: Error creating bean with name 'chineseMedicineMapper' defined in URL [jar:file:/C:/Users/Administrator/Documents/trae_projects/jingfang/panic-buying/target/myspringboot-0.0.1-SNAPSHOT.jar!/BOOT-INF/classes!/com/example/myspringboot/mapper/ChineseMedicineMapper.class]: Cannot resolve reference to bean 'sqlSessionTemplate' while setting bean property 'sqlSessionTemplate'; nested exception is org.springframework.beans.factory.UnsatisfiedDependencyException: Error creating bean with name 'sqlSessionTemplate' defined in class path resource [com/baomidou/mybatisplus/autoconfigure/MybatisPlusAutoConfiguration.class]: Unsatisfied dependency expressed through method 'sqlSessionTemplate' parameter 0; nested exception is org.springframework.beans.factory.BeanCreationException: Error creating bean with name 'sqlSessionFactory' defined in class path resource [com/baomidou/mybatisplus/autoconfigure/MybatisPlusAutoConfiguration.class]: Bean instantiation via factory method failed; nested exception is org.springframework.beans.BeanInstantiationException: Failed to instantiate [org.apache.ibatis.session.SqlSessionFactory]: Factory method 'sqlSessionFactory' threw exception; nested exception is java.io.IOException: Failed to parse mapping resource: 'URL [jar:file:/C:/Users/Administrator/Documents/trae_projects/jingfang/panic-buying/target/myspringboot-0.0.1-SNAPSHOT.jar!/BOOT-INF/classes!/mapper/xml/OrderMapper.xml]'
	at org.springframework.beans.factory.annotation.AutowiredAnnotationBeanPostProcessor$AutowiredFieldElement.resolveFieldValue(AutowiredAnnotationBeanPostProcessor.java:713)
	at org.springframework.beans.factory.annotation.AutowiredAnnotationBeanPostProcessor$AutowiredFieldElement.inject(AutowiredAnnotationBeanPostProcessor.java:693)
	at org.springframework.beans.factory.annotation.InjectionMetadata.inject(InjectionMetadata.java:119)
	at org.springframework.beans.factory.annotation.AutowiredAnnotationBeanPostProcessor.postProcessProperties(AutowiredAnnotationBeanPostProcessor.java:408)
	at org.springframework.beans.factory.support.AbstractAutowireCapableBeanFactory.populateBean(AbstractAutowireCapableBeanFactory.java:1431)
	at org.springframework.beans.factory.support.AbstractAutowireCapableBeanFactory.doCreateBean(AbstractAutowireCapableBeanFactory.java:619)
	at org.springframework.beans.factory.support.AbstractAutowireCapableBeanFactory.createBean(AbstractAutowireCapableBeanFactory.java:542)
	at org.springframework.beans.factory.support.AbstractBeanFactory.lambda$doGetBean$0(AbstractBeanFactory.java:335)
	at org.springframework.beans.factory.support.DefaultSingletonBeanRegistry.getSingleton(DefaultSingletonBeanRegistry.java:234)
	at org.springframework.beans.factory.support.AbstractBeanFactory.doGetBean(AbstractBeanFactory.java:333)
	at org.springframework.beans.factory.support.AbstractBeanFactory.getBean(AbstractBeanFactory.java:208)
	at org.springframework.beans.factory.config.DependencyDescriptor.resolveCandidate(DependencyDescriptor.java:276)
	at org.springframework.beans.factory.support.DefaultListableBeanFactory.doResolveDependency(DefaultListableBeanFactory.java:1391)
	at org.springframework.beans.factory.support.DefaultListableBeanFactory.resolveDependency(DefaultListableBeanFactory.java:1311)
	at org.springframework.beans.factory.annotation.AutowiredAnnotationBeanPostProcessor$AutowiredFieldElement.resolveFieldValue(AutowiredAnnotationBeanPostProcessor.java:710)
	... 28 common frames omitted
Caused by: org.springframework.beans.factory.BeanCreationException: Error creating bean with name 'chineseMedicineMapper' defined in URL [jar:file:/C:/Users/Administrator/Documents/trae_projects/jingfang/panic-buying/target/myspringboot-0.0.1-SNAPSHOT.jar!/BOOT-INF/classes!/com/example/myspringboot/mapper/ChineseMedicineMapper.class]: Cannot resolve reference to bean 'sqlSessionTemplate' while setting bean property 'sqlSessionTemplate'; nested exception is org.springframework.beans.factory.UnsatisfiedDependencyException: Error creating bean with name 'sqlSessionTemplate' defined in class path resource [com/baomidou/mybatisplus/autoconfigure/MybatisPlusAutoConfiguration.class]: Unsatisfied dependency expressed through method 'sqlSessionTemplate' parameter 0; nested exception is org.springframework.beans.factory.BeanCreationException: Error creating bean with name 'sqlSessionFactory' defined in class path resource [com/baomidou/mybatisplus/autoconfigure/MybatisPlusAutoConfiguration.class]: Bean instantiation via factory method failed; nested exception is org.springframework.beans.BeanInstantiationException: Failed to instantiate [org.apache.ibatis.session.SqlSessionFactory]: Factory method 'sqlSessionFactory' threw exception; nested exception is java.io.IOException: Failed to parse mapping resource: 'URL [jar:file:/C:/Users/Administrator/Documents/trae_projects/jingfang/panic-buying/target/myspringboot-0.0.1-SNAPSHOT.jar!/BOOT-INF/classes!/mapper/xml/OrderMapper.xml]'
	at org.springframework.beans.factory.support.BeanDefinitionValueResolver.resolveReference(BeanDefinitionValueResolver.java:342)
	at org.springframework.beans.factory.support.BeanDefinitionValueResolver.resolveValueIfNecessary(BeanDefinitionValueResolver.java:113)
	at org.springframework.beans.factory.support.AbstractAutowireCapableBeanFactory.applyPropertyValues(AbstractAutowireCapableBeanFactory.java:1707)
	at org.springframework.beans.factory.support.AbstractAutowireCapableBeanFactory.populateBean(AbstractAutowireCapableBeanFactory.java:1452)
	at org.springframework.beans.factory.support.AbstractAutowireCapableBeanFactory.doCreateBean(AbstractAutowireCapableBeanFactory.java:619)
	at org.springframework.beans.factory.support.AbstractAutowireCapableBeanFactory.createBean(AbstractAutowireCapableBeanFactory.java:542)
	at org.springframework.beans.factory.support.AbstractBeanFactory.lambda$doGetBean$0(AbstractBeanFactory.java:335)
	at org.springframework.beans.factory.support.DefaultSingletonBeanRegistry.getSingleton(DefaultSingletonBeanRegistry.java:234)
	at org.springframework.beans.factory.support.AbstractBeanFactory.doGetBean(AbstractBeanFactory.java:333)
	at org.springframework.beans.factory.support.AbstractBeanFactory.getBean(AbstractBeanFactory.java:208)
	at org.springframework.beans.factory.config.DependencyDescriptor.resolveCandidate(DependencyDescriptor.java:276)
	at org.springframework.beans.factory.support.DefaultListableBeanFactory.doResolveDependency(DefaultListableBeanFactory.java:1391)
	at org.springframework.beans.factory.support.DefaultListableBeanFactory.resolveDependency(DefaultListableBeanFactory.java:1311)
	at org.springframework.beans.factory.annotation.AutowiredAnnotationBeanPostProcessor$AutowiredFieldElement.resolveFieldValue(AutowiredAnnotationBeanPostProcessor.java:710)
	... 42 common frames omitted
Caused by: org.springframework.beans.factory.UnsatisfiedDependencyException: Error creating bean with name 'sqlSessionTemplate' defined in class path resource [com/baomidou/mybatisplus/autoconfigure/MybatisPlusAutoConfiguration.class]: Unsatisfied dependency expressed through method 'sqlSessionTemplate' parameter 0; nested exception is org.springframework.beans.factory.BeanCreationException: Error creating bean with name 'sqlSessionFactory' defined in class path resource [com/baomidou/mybatisplus/autoconfigure/MybatisPlusAutoConfiguration.class]: Bean instantiation via factory method failed; nested exception is org.springframework.beans.BeanInstantiationException: Failed to instantiate [org.apache.ibatis.session.SqlSessionFactory]: Factory method 'sqlSessionFactory' threw exception; nested exception is java.io.IOException: Failed to parse mapping resource: 'URL [jar:file:/C:/Users/Administrator/Documents/trae_projects/jingfang/panic-buying/target/myspringboot-0.0.1-SNAPSHOT.jar!/BOOT-INF/classes!/mapper/xml/OrderMapper.xml]'
	at org.springframework.beans.factory.support.ConstructorResolver.createArgumentArray(ConstructorResolver.java:801)
	at org.springframework.beans.factory.support.ConstructorResolver.instantiateUsingFactoryMethod(ConstructorResolver.java:536)
	at org.springframework.beans.factory.support.AbstractAutowireCapableBeanFactory.instantiateUsingFactoryMethod(AbstractAutowireCapableBeanFactory.java:1352)
	at org.springframework.beans.factory.support.AbstractAutowireCapableBeanFactory.createBeanInstance(AbstractAutowireCapableBeanFactory.java:1195)
	at org.springframework.beans.factory.support.AbstractAutowireCapableBeanFactory.doCreateBean(AbstractAutowireCapableBeanFactory.java:582)
	at org.springframework.beans.factory.support.AbstractAutowireCapableBeanFactory.createBean(AbstractAutowireCapableBeanFactory.java:542)
	at org.springframework.beans.factory.support.AbstractBeanFactory.lambda$doGetBean$0(AbstractBeanFactory.java:335)
	at org.springframework.beans.factory.support.DefaultSingletonBeanRegistry.getSingleton(DefaultSingletonBeanRegistry.java:234)
	at org.springframework.beans.factory.support.AbstractBeanFactory.doGetBean(AbstractBeanFactory.java:333)
	at org.springframework.beans.factory.support.AbstractBeanFactory.getBean(AbstractBeanFactory.java:208)
	at org.springframework.beans.factory.support.BeanDefinitionValueResolver.resolveReference(BeanDefinitionValueResolver.java:330)
	... 55 common frames omitted
Caused by: org.springframework.beans.factory.BeanCreationException: Error creating bean with name 'sqlSessionFactory' defined in class path resource [com/baomidou/mybatisplus/autoconfigure/MybatisPlusAutoConfiguration.class]: Bean instantiation via factory method failed; nested exception is org.springframework.beans.BeanInstantiationException: Failed to instantiate [org.apache.ibatis.session.SqlSessionFactory]: Factory method 'sqlSessionFactory' threw exception; nested exception is java.io.IOException: Failed to parse mapping resource: 'URL [jar:file:/C:/Users/Administrator/Documents/trae_projects/jingfang/panic-buying/target/myspringboot-0.0.1-SNAPSHOT.jar!/BOOT-INF/classes!/mapper/xml/OrderMapper.xml]'
	at org.springframework.beans.factory.support.ConstructorResolver.instantiate(ConstructorResolver.java:653)
	at org.springframework.beans.factory.support.ConstructorResolver.instantiateUsingFactoryMethod(ConstructorResolver.java:633)
	at org.springframework.beans.factory.support.AbstractAutowireCapableBeanFactory.instantiateUsingFactoryMethod(AbstractAutowireCapableBeanFactory.java:1352)
	at org.springframework.beans.factory.support.AbstractAutowireCapableBeanFactory.createBeanInstance(AbstractAutowireCapableBeanFactory.java:1195)
	at org.springframework.beans.factory.support.AbstractAutowireCapableBeanFactory.doCreateBean(AbstractAutowireCapableBeanFactory.java:582)
	at org.springframework.beans.factory.support.AbstractAutowireCapableBeanFactory.createBean(AbstractAutowireCapableBeanFactory.java:542)
	at org.springframework.beans.factory.support.AbstractBeanFactory.lambda$doGetBean$0(AbstractBeanFactory.java:335)
	at org.springframework.beans.factory.support.DefaultSingletonBeanRegistry.getSingleton(DefaultSingletonBeanRegistry.java:234)
	at org.springframework.beans.factory.support.AbstractBeanFactory.doGetBean(AbstractBeanFactory.java:333)
	at org.springframework.beans.factory.support.AbstractBeanFactory.getBean(AbstractBeanFactory.java:208)
	at org.springframework.beans.factory.config.DependencyDescriptor.resolveCandidate(DependencyDescriptor.java:276)
	at org.springframework.beans.factory.support.DefaultListableBeanFactory.doResolveDependency(DefaultListableBeanFactory.java:1391)
	at org.springframework.beans.factory.support.DefaultListableBeanFactory.resolveDependency(DefaultListableBeanFactory.java:1311)
	at org.springframework.beans.factory.support.ConstructorResolver.resolveAutowiredArgument(ConstructorResolver.java:911)
	at org.springframework.beans.factory.support.ConstructorResolver.createArgumentArray(ConstructorResolver.java:788)
	... 65 common frames omitted
Caused by: org.springframework.beans.BeanInstantiationException: Failed to instantiate [org.apache.ibatis.session.SqlSessionFactory]: Factory method 'sqlSessionFactory' threw exception; nested exception is java.io.IOException: Failed to parse mapping resource: 'URL [jar:file:/C:/Users/Administrator/Documents/trae_projects/jingfang/panic-buying/target/myspringboot-0.0.1-SNAPSHOT.jar!/BOOT-INF/classes!/mapper/xml/OrderMapper.xml]'
	at org.springframework.beans.factory.support.SimpleInstantiationStrategy.instantiate(SimpleInstantiationStrategy.java:185)
	at org.springframework.beans.factory.support.ConstructorResolver.instantiate(ConstructorResolver.java:648)
	... 79 common frames omitted
Caused by: java.io.IOException: Failed to parse mapping resource: 'URL [jar:file:/C:/Users/Administrator/Documents/trae_projects/jingfang/panic-buying/target/myspringboot-0.0.1-SNAPSHOT.jar!/BOOT-INF/classes!/mapper/xml/OrderMapper.xml]'
	at com.baomidou.mybatisplus.extension.spring.MybatisSqlSessionFactoryBean.buildSqlSessionFactory(MybatisSqlSessionFactoryBean.java:575)
	at com.baomidou.mybatisplus.extension.spring.MybatisSqlSessionFactoryBean.afterPropertiesSet(MybatisSqlSessionFactoryBean.java:444)
	at com.baomidou.mybatisplus.extension.spring.MybatisSqlSessionFactoryBean.getObject(MybatisSqlSessionFactoryBean.java:608)
	at com.baomidou.mybatisplus.autoconfigure.MybatisPlusAutoConfiguration.sqlSessionFactory(MybatisPlusAutoConfiguration.java:224)
	at sun.reflect.NativeMethodAccessorImpl.invoke0(Native Method)
	at sun.reflect.NativeMethodAccessorImpl.invoke(Unknown Source)
	at sun.reflect.DelegatingMethodAccessorImpl.invoke(Unknown Source)
	at java.lang.reflect.Method.invoke(Unknown Source)
	at org.springframework.beans.factory.support.SimpleInstantiationStrategy.instantiate(SimpleInstantiationStrategy.java:154)
	... 80 common frames omitted
Caused by: org.apache.ibatis.builder.BuilderException: Error parsing Mapper XML. The XML location is 'URL [jar:file:/C:/Users/Administrator/Documents/trae_projects/jingfang/panic-buying/target/myspringboot-0.0.1-SNAPSHOT.jar!/BOOT-INF/classes!/mapper/xml/OrderMapper.xml]'. Cause: org.apache.ibatis.builder.BuilderException: Error resolving class. Cause: org.apache.ibatis.type.TypeException: Could not resolve type alias 'com.example.myspringboot.entity.Order'.  Cause: java.lang.ClassNotFoundException: Cannot find class: com.example.myspringboot.entity.Order
	at org.apache.ibatis.builder.xml.XMLMapperBuilder.configurationElement(XMLMapperBuilder.java:123)
	at org.apache.ibatis.builder.xml.XMLMapperBuilder.parse(XMLMapperBuilder.java:95)
	at com.baomidou.mybatisplus.extension.spring.MybatisSqlSessionFactoryBean.buildSqlSessionFactory(MybatisSqlSessionFactoryBean.java:573)
	... 88 common frames omitted
Caused by: org.apache.ibatis.builder.BuilderException: Error resolving class. Cause: org.apache.ibatis.type.TypeException: Could not resolve type alias 'com.example.myspringboot.entity.Order'.  Cause: java.lang.ClassNotFoundException: Cannot find class: com.example.myspringboot.entity.Order
	at org.apache.ibatis.builder.BaseBuilder.resolveClass(BaseBuilder.java:118)
	at org.apache.ibatis.builder.xml.XMLStatementBuilder.parseStatementNode(XMLStatementBuilder.java:102)
	at org.apache.ibatis.builder.xml.XMLMapperBuilder.buildStatementFromContext(XMLMapperBuilder.java:138)
	at org.apache.ibatis.builder.xml.XMLMapperBuilder.buildStatementFromContext(XMLMapperBuilder.java:131)
	at org.apache.ibatis.builder.xml.XMLMapperBuilder.configurationElement(XMLMapperBuilder.java:121)
	... 90 common frames omitted
Caused by: org.apache.ibatis.type.TypeException: Could not resolve type alias 'com.example.myspringboot.entity.Order'.  Cause: java.lang.ClassNotFoundException: Cannot find class: com.example.myspringboot.entity.Order
	at org.apache.ibatis.type.TypeAliasRegistry.resolveAlias(TypeAliasRegistry.java:128)
	at org.apache.ibatis.builder.BaseBuilder.resolveAlias(BaseBuilder.java:149)
	at org.apache.ibatis.builder.BaseBuilder.resolveClass(BaseBuilder.java:116)
	... 94 common frames omitted
Caused by: java.lang.ClassNotFoundException: Cannot find class: com.example.myspringboot.entity.Order
	at org.apache.ibatis.io.ClassLoaderWrapper.classForName(ClassLoaderWrapper.java:196)
	at org.apache.ibatis.io.ClassLoaderWrapper.classForName(ClassLoaderWrapper.java:89)
	at org.apache.ibatis.io.Resources.classForName(Resources.java:261)
	at org.apache.ibatis.type.TypeAliasRegistry.resolveAlias(TypeAliasRegistry.java:124)
	... 96 common frames omitted
2025-11-18 12:19:40.296 [main] INFO  com.example.myspringboot.MySpringBootApplication - Starting MySpringBootApplication v0.0.1-SNAPSHOT using Java 1.8.0_331 on WIN-CS75U3R71FV with PID 30036 (C:\Users\Administrator\Documents\trae_projects\jingfang\panic-buying\target\myspringboot-0.0.1-SNAPSHOT.jar started by Administrator in C:\Users\Administrator\Documents\trae_projects\jingfang\panic-buying)
2025-11-18 12:19:40.298 [main] DEBUG com.example.myspringboot.MySpringBootApplication - Running with Spring Boot v2.7.18, Spring v5.3.31
2025-11-18 12:19:40.299 [main] INFO  com.example.myspringboot.MySpringBootApplication - No active profile set, falling back to 1 default profile: "default"
2025-11-18 12:19:41.497 [main] INFO  o.s.boot.web.embedded.tomcat.TomcatWebServer - Tomcat initialized with port(s): 8080 (http)
2025-11-18 12:19:41.508 [main] INFO  org.apache.catalina.core.StandardService - Starting service [Tomcat]
2025-11-18 12:19:41.509 [main] INFO  org.apache.catalina.core.StandardEngine - Starting Servlet engine: [Apache Tomcat/9.0.83]
2025-11-18 12:19:41.667 [main] INFO  o.a.c.core.ContainerBase.[Tomcat].[localhost].[/] - Initializing Spring embedded WebApplicationContext
2025-11-18 12:19:41.668 [main] INFO  o.s.b.w.s.c.ServletWebServerApplicationContext - Root WebApplicationContext: initialization completed in 1319 ms
2025-11-18 12:19:43.689 [main] INFO  com.zaxxer.hikari.HikariDataSource - HikariPool-1 - Starting...
2025-11-18 12:19:43.855 [main] INFO  com.zaxxer.hikari.HikariDataSource - HikariPool-1 - Start completed.
2025-11-18 12:19:43.955 [main] INFO  o.s.boot.web.embedded.tomcat.TomcatWebServer - Tomcat started on port(s): 8080 (http) with context path ''
2025-11-18 12:19:43.964 [main] INFO  com.example.myspringboot.MySpringBootApplication - Started MySpringBootApplication in 4.026 seconds (JVM running for 4.323)
2025-11-18 12:19:43.999 [main] INFO  o.s.b.a.l.ConditionEvaluationReportLoggingListener - 

Error starting ApplicationContext. To display the conditions report re-run your application with 'debug' enabled.
2025-11-18 12:19:44.022 [main] ERROR org.springframework.boot.SpringApplication - Application run failed
java.lang.IllegalStateException: Failed to execute CommandLineRunner
	at org.springframework.boot.SpringApplication.callRunner(SpringApplication.java:768)
	at org.springframework.boot.SpringApplication.lambda$callRunners$2(SpringApplication.java:749)
	at java.util.stream.ForEachOps$ForEachOp$OfRef.accept(ForEachOps.java:184)
	at java.util.stream.SortedOps$SizedRefSortingSink.end(SortedOps.java:352)
	at java.util.stream.AbstractPipeline.copyInto(AbstractPipeline.java:483)
	at java.util.stream.AbstractPipeline.wrapAndCopyInto(AbstractPipeline.java:472)
	at java.util.stream.ForEachOps$ForEachOp.evaluateSequential(ForEachOps.java:151)
	at java.util.stream.ForEachOps$ForEachOp$OfRef.evaluateSequential(ForEachOps.java:174)
	at java.util.stream.AbstractPipeline.evaluate(AbstractPipeline.java:234)
	at java.util.stream.ReferencePipeline.forEach(ReferencePipeline.java:418)
	at org.springframework.boot.SpringApplication.callRunners(SpringApplication.java:744)
	at org.springframework.boot.SpringApplication.run(SpringApplication.java:315)
	at org.springframework.boot.SpringApplication.run(SpringApplication.java:1300)
	at org.springframework.boot.SpringApplication.run(SpringApplication.java:1289)
	at com.example.myspringboot.MySpringBootApplication.main(MySpringBootApplication.java:12)
	at sun.reflect.NativeMethodAccessorImpl.invoke0(Native Method)
	at sun.reflect.NativeMethodAccessorImpl.invoke(NativeMethodAccessorImpl.java:62)
	at sun.reflect.DelegatingMethodAccessorImpl.invoke(DelegatingMethodAccessorImpl.java:43)
	at java.lang.reflect.Method.invoke(Method.java:498)
	at org.springframework.boot.loader.MainMethodRunner.run(MainMethodRunner.java:49)
	at org.springframework.boot.loader.Launcher.launch(Launcher.java:108)
	at org.springframework.boot.loader.Launcher.launch(Launcher.java:58)
	at org.springframework.boot.loader.JarLauncher.main(JarLauncher.java:65)
Caused by: org.springframework.jdbc.datasource.init.ScriptStatementFailedException: Failed to execute SQL script statement #5 of class path resource [schema.sql]: CREATE TABLE IF NOT EXISTS prescription ( id INTEGER PRIMARY KEY AUTOINCREMENT, name TEXT NOT NULL, pinyin TEXT NOT NULL, source TEXT, category TEXT, composition TEXT, dosage TEXT, function TEXT, indication TEXT, explanation TEXT, syndromes TEXT, FOREIGN KEY (source_book_id) REFERENCES classic_book(id) ); nested exception is org.sqlite.SQLiteException: [SQLITE_ERROR] SQL error or missing database (unknown column "source_book_id" in foreign key definition)
	at org.springframework.jdbc.datasource.init.ScriptUtils.executeSqlScript(ScriptUtils.java:282)
	at org.springframework.jdbc.datasource.init.ScriptUtils.executeSqlScript(ScriptUtils.java:188)
	at org.springframework.jdbc.datasource.init.ScriptUtils.executeSqlScript(ScriptUtils.java:150)
	at org.springframework.jdbc.datasource.init.ScriptUtils.executeSqlScript(ScriptUtils.java:126)
	at com.example.myspringboot.config.DatabaseInitializer.run(DatabaseInitializer.java:23)
	at org.springframework.boot.SpringApplication.callRunner(SpringApplication.java:765)
	... 22 common frames omitted
Caused by: org.sqlite.SQLiteException: [SQLITE_ERROR] SQL error or missing database (unknown column "source_book_id" in foreign key definition)
	at org.sqlite.core.DB.newSQLException(DB.java:1179)
	at org.sqlite.core.DB.newSQLException(DB.java:1190)
	at org.sqlite.core.DB.throwex(DB.java:1150)
	at org.sqlite.core.NativeDB.prepare_utf8(Native Method)
	at org.sqlite.core.NativeDB.prepare(NativeDB.java:132)
	at org.sqlite.core.DB.prepare(DB.java:264)
	at org.sqlite.jdbc3.JDBC3Statement.lambda$execute$0(JDBC3Statement.java:54)
	at org.sqlite.jdbc3.JDBC3Statement.withConnectionTimeout(JDBC3Statement.java:454)
	at org.sqlite.jdbc3.JDBC3Statement.execute(JDBC3Statement.java:43)
	at com.zaxxer.hikari.pool.ProxyStatement.execute(ProxyStatement.java:94)
	at com.zaxxer.hikari.pool.HikariProxyStatement.execute(HikariProxyStatement.java)
	at org.springframework.jdbc.datasource.init.ScriptUtils.executeSqlScript(ScriptUtils.java:261)
	... 27 common frames omitted
2025-11-18 12:19:44.488 [main] INFO  com.zaxxer.hikari.HikariDataSource - HikariPool-1 - Shutdown initiated...
2025-11-18 12:19:44.492 [main] INFO  com.zaxxer.hikari.HikariDataSource - HikariPool-1 - Shutdown completed.
2025-11-18 12:20:14.156 [main] INFO  com.example.myspringboot.MySpringBootApplication - Starting MySpringBootApplication v0.0.1-SNAPSHOT using Java 1.8.0_331 on WIN-CS75U3R71FV with PID 11804 (C:\Users\Administrator\Documents\trae_projects\jingfang\panic-buying\target\myspringboot-0.0.1-SNAPSHOT.jar started by Administrator in C:\Users\Administrator\Documents\trae_projects\jingfang\panic-buying)
2025-11-18 12:20:14.158 [main] DEBUG com.example.myspringboot.MySpringBootApplication - Running with Spring Boot v2.7.18, Spring v5.3.31
2025-11-18 12:20:14.159 [main] INFO  com.example.myspringboot.MySpringBootApplication - No active profile set, falling back to 1 default profile: "default"
2025-11-18 12:20:15.454 [main] INFO  o.s.boot.web.embedded.tomcat.TomcatWebServer - Tomcat initialized with port(s): 8080 (http)
2025-11-18 12:20:15.467 [main] INFO  org.apache.catalina.core.StandardService - Starting service [Tomcat]
2025-11-18 12:20:15.468 [main] INFO  org.apache.catalina.core.StandardEngine - Starting Servlet engine: [Apache Tomcat/9.0.83]
2025-11-18 12:20:15.622 [main] INFO  o.a.c.core.ContainerBase.[Tomcat].[localhost].[/] - Initializing Spring embedded WebApplicationContext
2025-11-18 12:20:15.623 [main] INFO  o.s.b.w.s.c.ServletWebServerApplicationContext - Root WebApplicationContext: initialization completed in 1418 ms
2025-11-18 12:20:17.416 [main] INFO  com.zaxxer.hikari.HikariDataSource - HikariPool-1 - Starting...
2025-11-18 12:20:17.611 [main] INFO  com.zaxxer.hikari.HikariDataSource - HikariPool-1 - Start completed.
2025-11-18 12:20:17.718 [main] INFO  o.s.boot.web.embedded.tomcat.TomcatWebServer - Tomcat started on port(s): 8080 (http) with context path ''
2025-11-18 12:20:17.729 [main] INFO  com.example.myspringboot.MySpringBootApplication - Started MySpringBootApplication in 3.945 seconds (JVM running for 4.26)
2025-11-18 12:20:20.597 [http-nio-8080-exec-3] INFO  o.a.c.core.ContainerBase.[Tomcat].[localhost].[/] - Initializing Spring DispatcherServlet 'dispatcherServlet'
2025-11-18 12:20:20.598 [http-nio-8080-exec-3] INFO  org.springframework.web.servlet.DispatcherServlet - Initializing Servlet 'dispatcherServlet'
2025-11-18 12:20:20.599 [http-nio-8080-exec-3] INFO  org.springframework.web.servlet.DispatcherServlet - Completed initialization in 1 ms
